<!doctype html public "-//w3c//dtd html 4.0 transitional//en">
<html><head>
<title>Static Call Graph - [.\Objects\PROJECT.axf]</title></head>
<body><HR>
<H1>Static Call Graph for image .\Objects\PROJECT.axf</H1><HR>
<BR><P>#&#060CALLGRAPH&#062# ARM Linker, 5060750: Last Updated: Tue Nov 16 16:54:10 2021
<BR><P>
<H3>Maximum Stack Usage =          0 bytes + Unknown(Functions without stacksize, Untraceable Function Pointers)</H3><H3>
Call chain for Maximum Stack Depth:</H3>

<P>
<H3>
Functions with no stack information
</H3><UL>
 <LI><a href="#[1]">START</a>
</UL>
</UL>
<P>
<H3>
Function Pointers
</H3><UL>
 <LI><a href="#[1]">START</a> from startup_stm32f10x_md.o(RESET) referenced from startup_stm32f10x_md.o(RESET)
</UL>
<P>
<H3>
Global Symbols
</H3><P>
<H3>
Local Symbols
</H3>
<P><STRONG><a name="[1]"></a>START</STRONG> (Thumb, 0 bytes, Stack size unknown bytes, startup_stm32f10x_md.o(RESET))
<BR><BR>[Calls]<UL><LI><a href="#[3]">&gt;&gt;</a>&nbsp;&nbsp;&nbsp;ShowDigits
<LI><a href="#[2]">&gt;&gt;</a>&nbsp;&nbsp;&nbsp;InitRamArea
</UL>

<P><STRONG><a name="[2]"></a>InitRamArea</STRONG> (Thumb, 38 bytes, Stack size 0 bytes, startup_stm32f10x_md.o(RESET))
<BR><BR>[Called By]<UL><LI><a href="#[1]">&gt;&gt;</a>&nbsp;&nbsp;&nbsp;START
</UL>

<P><STRONG><a name="[3]"></a>ShowDigits</STRONG> (Thumb, 44 bytes, Stack size 0 bytes, startup_stm32f10x_md.o(RESET))
<BR><BR>[Called By]<UL><LI><a href="#[1]">&gt;&gt;</a>&nbsp;&nbsp;&nbsp;START
</UL>
<P>
<H3>
Undefined Global Symbols
</H3><HR></body></html>
