Component: ARM Compiler 5.06 update 6 (build 750) Tool: armlink [4d35ed]

==============================================================================

Section Cross References



==============================================================================

Image Symbol Table

    Local Symbols

    Symbol Name                              Value     Ov Type        Size  Object(Section)

    ..\START\startup_stm32f10x_md.s          0x00000000   Number         0  startup_stm32f10x_md.o ABSOLUTE
    RESET                                    0x08000000   Section     1004  startup_stm32f10x_md.o(RESET)
    START                                    0x0800008d   Thumb Code     0  startup_stm32f10x_md.o(RESET)
    ADC1_2IRHANDLER                          0x080000a7   Thumb Code     0  startup_stm32f10x_md.o(RESET)

    Global Symbols

    Symbol Name                              Value     Ov Type        Size  Object(Section)

    BuildAttributes$$THM_ISAv4$P$D$K$B$S$PE$A:L22UL41UL21$X:L11$S22US41US21$IEEE1$IW$USESV6$~STKCKD$USESV7$~SHL$OSPACE$EBA8$STANDARDLIB$EABIv2 0x00000000   Number         0  anon$$obj.o ABSOLUTE



==============================================================================

Memory Map of the image

  Image Entry point : 0x0800008d

  Load Region LR_IROM1 (Base: 0x08000000, Size: 0x000003ec, Max: 0x00010000, ABSOLUTE)

    Execution Region ER_IROM1 (Exec base: 0x08000000, Load base: 0x08000000, Size: 0x000003ec, Max: 0x00010000, ABSOLUTE)

    Exec Addr    Load Addr    Size         Type   Attr      Idx    E Section Name        Object

    0x08000000   0x08000000   0x000003ec   Code   RO            1  * RESET               startup_stm32f10x_md.o


    Execution Region RW_IRAM1 (Exec base: 0x20000000, Load base: 0x080003ec, Size: 0x00000000, Max: 0x00005000, ABSOLUTE)

    **** No section assigned to this execution region ****


==============================================================================

Image component sizes


      Code (inc. data)   RO Data    RW Data    ZI Data      Debug   Object Name

      1004        206          0          0          0        628   startup_stm32f10x_md.o

    ----------------------------------------------------------------------
      1004        206          0          0          0        628   Object Totals
         0          0          0          0          0          0   (incl. Generated)
         0          0          0          0          0          0   (incl. Padding)

    ----------------------------------------------------------------------
         0          0          0          0          0          0   Library Totals
         0          0          0          0          0          0   (incl. Padding)

    ----------------------------------------------------------------------

==============================================================================


      Code (inc. data)   RO Data    RW Data    ZI Data      Debug   

      1004        206          0          0          0        628   Grand Totals
      1004        206          0          0          0        628   ELF Image Totals
      1004        206          0          0          0          0   ROM Totals

==============================================================================

    Total RO  Size (Code + RO Data)                 1004 (   0.98kB)
    Total RW  Size (RW Data + ZI Data)                 0 (   0.00kB)
    Total ROM Size (Code + RO Data + RW Data)       1004 (   0.98kB)

==============================================================================

