Component: ARM Compiler 5.06 update 6 (build 750) Tool: armlink [4d35ed]

==============================================================================

Section Cross References

    startup_stm32f10x_md.o(RESET) refers to startup_stm32f10x_md.o(MYDATA2) for DURATION
    startup_stm32f10x_md.o(RESET) refers to startup_stm32f10x_md.o(MYDATA) for CODES


==============================================================================

Image Symbol Table

    Local Symbols

    Symbol Name                              Value     Ov Type        Size  Object(Section)

    ..\START\startup_stm32f10x_md.s          0x00000000   Number         0  startup_stm32f10x_md.o ABSOLUTE
    RESET                                    0x08000000   Section      768  startup_stm32f10x_md.o(RESET)
    START                                    0x0800005d   Thumb Code     0  startup_stm32f10x_md.o(RESET)
    HandleSound                              0x080000fb   Thumb Code    72  startup_stm32f10x_md.o(RESET)
    StoreToDigitsByHex                       0x08000143   Thumb Code    46  startup_stm32f10x_md.o(RESET)
    Delay                                    0x08000175   Thumb Code    34  startup_stm32f10x_md.o(RESET)
    InitRamArea                              0x080001f9   Thumb Code    26  startup_stm32f10x_md.o(RESET)
    ShowDigits                               0x08000213   Thumb Code    44  startup_stm32f10x_md.o(RESET)
    EXTI0_IRQHandler                         0x0800024b   Thumb Code    56  startup_stm32f10x_md.o(RESET)
    MYDATA                                   0x08000300   Section       20  startup_stm32f10x_md.o(MYDATA)
    CODES                                    0x08000300   Data          16  startup_stm32f10x_md.o(MYDATA)
    DIGITPOS                                 0x08000310   Data           4  startup_stm32f10x_md.o(MYDATA)
    MYDATA2                                  0x20000000   Section        8  startup_stm32f10x_md.o(MYDATA2)
    DIGITS                                   0x20000000   Data           4  startup_stm32f10x_md.o(MYDATA2)
    CURSELECT                                0x20000004   Data           1  startup_stm32f10x_md.o(MYDATA2)
    DURATION                                 0x20000006   Data           2  startup_stm32f10x_md.o(MYDATA2)

    Global Symbols

    Symbol Name                              Value     Ov Type        Size  Object(Section)

    BuildAttributes$$THM_ISAv4$P$D$K$B$S$PE$A:L22UL41UL21$X:L11$S22US41US21$IEEE1$IW$USESV6$~STKCKD$USESV7$~SHL$OSPACE$EBA8$STANDARDLIB$EABIv2 0x00000000   Number         0  anon$$obj.o ABSOLUTE



==============================================================================

Memory Map of the image

  Image Entry point : 0x0800005d

  Load Region LR_IROM1 (Base: 0x08000000, Size: 0x0000031c, Max: 0x00010000, ABSOLUTE)

    Execution Region ER_IROM1 (Exec base: 0x08000000, Load base: 0x08000000, Size: 0x00000314, Max: 0x00010000, ABSOLUTE)

    Exec Addr    Load Addr    Size         Type   Attr      Idx    E Section Name        Object

    0x08000000   0x08000000   0x00000300   Code   RO            3  * RESET               startup_stm32f10x_md.o
    0x08000300   0x08000300   0x00000014   Data   RO            1    MYDATA              startup_stm32f10x_md.o


    Execution Region RW_IRAM1 (Exec base: 0x20000000, Load base: 0x08000314, Size: 0x00000008, Max: 0x00005000, ABSOLUTE)

    Exec Addr    Load Addr    Size         Type   Attr      Idx    E Section Name        Object

    0x20000000   0x08000314   0x00000008   Data   RW            2    MYDATA2             startup_stm32f10x_md.o


==============================================================================

Image component sizes


      Code (inc. data)   RO Data    RW Data    ZI Data      Debug   Object Name

       768        218         20          8          0        908   startup_stm32f10x_md.o

    ----------------------------------------------------------------------
       768        218         20          8          0        908   Object Totals
         0          0          0          0          0          0   (incl. Generated)
         0          0          0          0          0          0   (incl. Padding)

    ----------------------------------------------------------------------
         0          0          0          0          0          0   Library Totals
         0          0          0          0          0          0   (incl. Padding)

    ----------------------------------------------------------------------

==============================================================================


      Code (inc. data)   RO Data    RW Data    ZI Data      Debug   

       768        218         20          8          0        908   Grand Totals
       768        218         20          8          0        908   ELF Image Totals
       768        218         20          8          0          0   ROM Totals

==============================================================================

    Total RO  Size (Code + RO Data)                  788 (   0.77kB)
    Total RW  Size (RW Data + ZI Data)                 8 (   0.01kB)
    Total ROM Size (Code + RO Data + RW Data)        796 (   0.78kB)

==============================================================================

