<!doctype html public "-//w3c//dtd html 4.0 transitional//en">
<html><head>
<title>Static Call Graph - [.\Objects\PROJECT.axf]</title></head>
<body><HR>
<H1>Static Call Graph for image .\Objects\PROJECT.axf</H1><HR>
<BR><P>#&#060CALLGRAPH&#062# ARM Linker, 5060750: Last Updated: Wed Nov 17 21:03:06 2021
<BR><P>
<H3>Maximum Stack Usage =          0 bytes + Unknown(Functions without stacksize, Untraceable Function Pointers)</H3><H3>
Call chain for Maximum Stack Depth:</H3>

<P>
<H3>
Functions with no stack information
</H3><UL>
 <LI><a href="#[2]">START</a>
</UL>
</UL>
<P>
<H3>
Function Pointers
</H3><UL>
 <LI><a href="#[1]">EXTI0_IRQHandler</a> from startup_stm32f10x_md.o(RESET) referenced from startup_stm32f10x_md.o(RESET)
 <LI><a href="#[2]">START</a> from startup_stm32f10x_md.o(RESET) referenced from startup_stm32f10x_md.o(RESET)
</UL>
<P>
<H3>
Global Symbols
</H3><P>
<H3>
Local Symbols
</H3>
<P><STRONG><a name="[2]"></a>START</STRONG> (Thumb, 0 bytes, Stack size unknown bytes, startup_stm32f10x_md.o(RESET))
<BR><BR>[Calls]<UL><LI><a href="#[7]">&gt;&gt;</a>&nbsp;&nbsp;&nbsp;ShowDigits
<LI><a href="#[6]">&gt;&gt;</a>&nbsp;&nbsp;&nbsp;InitRamArea
<LI><a href="#[4]">&gt;&gt;</a>&nbsp;&nbsp;&nbsp;StoreToDigitsByHex
<LI><a href="#[3]">&gt;&gt;</a>&nbsp;&nbsp;&nbsp;HandleSound
</UL>

<P><STRONG><a name="[3]"></a>HandleSound</STRONG> (Thumb, 72 bytes, Stack size 0 bytes, startup_stm32f10x_md.o(RESET))
<BR><BR>[Calls]<UL><LI><a href="#[5]">&gt;&gt;</a>&nbsp;&nbsp;&nbsp;Delay
</UL>
<BR>[Called By]<UL><LI><a href="#[1]">&gt;&gt;</a>&nbsp;&nbsp;&nbsp;EXTI0_IRQHandler
<LI><a href="#[2]">&gt;&gt;</a>&nbsp;&nbsp;&nbsp;START
</UL>

<P><STRONG><a name="[4]"></a>StoreToDigitsByHex</STRONG> (Thumb, 46 bytes, Stack size 0 bytes, startup_stm32f10x_md.o(RESET))
<BR><BR>[Called By]<UL><LI><a href="#[1]">&gt;&gt;</a>&nbsp;&nbsp;&nbsp;EXTI0_IRQHandler
<LI><a href="#[2]">&gt;&gt;</a>&nbsp;&nbsp;&nbsp;START
</UL>

<P><STRONG><a name="[5]"></a>Delay</STRONG> (Thumb, 34 bytes, Stack size 0 bytes, startup_stm32f10x_md.o(RESET))
<BR><BR>[Called By]<UL><LI><a href="#[3]">&gt;&gt;</a>&nbsp;&nbsp;&nbsp;HandleSound
</UL>

<P><STRONG><a name="[6]"></a>InitRamArea</STRONG> (Thumb, 26 bytes, Stack size 0 bytes, startup_stm32f10x_md.o(RESET))
<BR><BR>[Called By]<UL><LI><a href="#[2]">&gt;&gt;</a>&nbsp;&nbsp;&nbsp;START
</UL>

<P><STRONG><a name="[7]"></a>ShowDigits</STRONG> (Thumb, 44 bytes, Stack size 0 bytes, startup_stm32f10x_md.o(RESET))
<BR><BR>[Called By]<UL><LI><a href="#[2]">&gt;&gt;</a>&nbsp;&nbsp;&nbsp;START
</UL>

<P><STRONG><a name="[1]"></a>EXTI0_IRQHandler</STRONG> (Thumb, 56 bytes, Stack size 0 bytes, startup_stm32f10x_md.o(RESET))
<BR><BR>[Calls]<UL><LI><a href="#[4]">&gt;&gt;</a>&nbsp;&nbsp;&nbsp;StoreToDigitsByHex
<LI><a href="#[3]">&gt;&gt;</a>&nbsp;&nbsp;&nbsp;HandleSound
</UL>
<BR>[Address Reference Count : 1]<UL><LI> startup_stm32f10x_md.o(RESET)
</UL><P>
<H3>
Undefined Global Symbols
</H3><HR></body></html>
