Component: ARM Compiler 5.06 update 6 (build 750) Tool: armlink [4d35ed]

==============================================================================

Section Cross References

    startup_stm32f10x_md.o(RESET) refers to startup_stm32f10x_md.o(MYDATA) for CODES


==============================================================================

Image Symbol Table

    Local Symbols

    Symbol Name                              Value     Ov Type        Size  Object(Section)

    ..\START\startup_stm32f10x_md.s          0x00000000   Number         0  startup_stm32f10x_md.o ABSOLUTE
    RESET                                    0x08000000   Section       88  startup_stm32f10x_md.o(RESET)
    START                                    0x08000009   Thumb Code     0  startup_stm32f10x_md.o(RESET)
    SHOW_ONE_DIGIT                           0x0800002d   Thumb Code    22  startup_stm32f10x_md.o(RESET)
    MYDATA                                   0x08000058   Section       10  startup_stm32f10x_md.o(MYDATA)
    CODES                                    0x08000058   Data          10  startup_stm32f10x_md.o(MYDATA)

    Global Symbols

    Symbol Name                              Value     Ov Type        Size  Object(Section)

    BuildAttributes$$THM_ISAv4$P$D$K$B$S$PE$A:L22UL41UL21$X:L11$S22US41US21$IEEE1$IW$USESV6$~STKCKD$USESV7$~SHL$OSPACE$EBA8$STANDARDLIB$EABIv2 0x00000000   Number         0  anon$$obj.o ABSOLUTE



==============================================================================

Memory Map of the image

  Image Entry point : 0x08000009

  Load Region LR_IROM1 (Base: 0x08000000, Size: 0x00000064, Max: 0x00010000, ABSOLUTE)

    Execution Region ER_IROM1 (Exec base: 0x08000000, Load base: 0x08000000, Size: 0x00000064, Max: 0x00010000, ABSOLUTE)

    Exec Addr    Load Addr    Size         Type   Attr      Idx    E Section Name        Object

    0x08000000   0x08000000   0x00000058   Code   RO            2  * RESET               startup_stm32f10x_md.o
    0x08000058   0x08000058   0x0000000a   Data   RO            1    MYDATA              startup_stm32f10x_md.o


    Execution Region RW_IRAM1 (Exec base: 0x20000000, Load base: 0x08000064, Size: 0x00000000, Max: 0x00005000, ABSOLUTE)

    **** No section assigned to this execution region ****


==============================================================================

Image component sizes


      Code (inc. data)   RO Data    RW Data    ZI Data      Debug   Object Name

        88         28         10          0          0        448   startup_stm32f10x_md.o

    ----------------------------------------------------------------------
        88         28         12          0          0        448   Object Totals
         0          0          0          0          0          0   (incl. Generated)
         0          0          2          0          0          0   (incl. Padding)

    ----------------------------------------------------------------------
         0          0          0          0          0          0   Library Totals
         0          0          0          0          0          0   (incl. Padding)

    ----------------------------------------------------------------------

==============================================================================


      Code (inc. data)   RO Data    RW Data    ZI Data      Debug   

        88         28         12          0          0        448   Grand Totals
        88         28         12          0          0        448   ELF Image Totals
        88         28         12          0          0          0   ROM Totals

==============================================================================

    Total RO  Size (Code + RO Data)                  100 (   0.10kB)
    Total RW  Size (RW Data + ZI Data)                 0 (   0.00kB)
    Total ROM Size (Code + RO Data + RW Data)        100 (   0.10kB)

==============================================================================

