<!doctype html public "-//w3c//dtd html 4.0 transitional//en">
<html><head>
<title>Static Call Graph - [.\Objects\PROJECT.axf]</title></head>
<body><HR>
<H1>Static Call Graph for image .\Objects\PROJECT.axf</H1><HR>
<BR><P>#&#060CALLGRAPH&#062# ARM Linker, 5060750: Last Updated: Tue Nov 16 21:41:47 2021
<BR><P>
<H3>Maximum Stack Usage =          0 bytes + Unknown(Functions without stacksize, Untraceable Function Pointers)</H3><H3>
Call chain for Maximum Stack Depth:</H3>

<P>
<H3>
Functions with no stack information
</H3><UL>
 <LI><a href="#[2]">START</a>
</UL>
</UL>
<P>
<H3>
Function Pointers
</H3><UL>
 <LI><a href="#[2]">START</a> from startup_stm32f10x_md.o(RESET) referenced from startup_stm32f10x_md.o(RESET)
 <LI><a href="#[1]">TIM2_IRQHandler</a> from startup_stm32f10x_md.o(RESET) referenced from startup_stm32f10x_md.o(RESET)
</UL>
<P>
<H3>
Global Symbols
</H3><P>
<H3>
Local Symbols
</H3>
<P><STRONG><a name="[2]"></a>START</STRONG> (Thumb, 0 bytes, Stack size unknown bytes, startup_stm32f10x_md.o(RESET))
<BR><BR>[Calls]<UL><LI><a href="#[5]">&gt;&gt;</a>&nbsp;&nbsp;&nbsp;ShowDigits
<LI><a href="#[3]">&gt;&gt;</a>&nbsp;&nbsp;&nbsp;InitRamArea
</UL>

<P><STRONG><a name="[3]"></a>InitRamArea</STRONG> (Thumb, 30 bytes, Stack size 0 bytes, startup_stm32f10x_md.o(RESET))
<BR><BR>[Called By]<UL><LI><a href="#[2]">&gt;&gt;</a>&nbsp;&nbsp;&nbsp;START
</UL>

<P><STRONG><a name="[4]"></a>AddTimer</STRONG> (Thumb, 86 bytes, Stack size 0 bytes, startup_stm32f10x_md.o(RESET))
<BR><BR>[Called By]<UL><LI><a href="#[1]">&gt;&gt;</a>&nbsp;&nbsp;&nbsp;TIM2_IRQHandler
</UL>

<P><STRONG><a name="[5]"></a>ShowDigits</STRONG> (Thumb, 44 bytes, Stack size 0 bytes, startup_stm32f10x_md.o(RESET))
<BR><BR>[Called By]<UL><LI><a href="#[2]">&gt;&gt;</a>&nbsp;&nbsp;&nbsp;START
</UL>

<P><STRONG><a name="[1]"></a>TIM2_IRQHandler</STRONG> (Thumb, 34 bytes, Stack size 0 bytes, startup_stm32f10x_md.o(RESET))
<BR><BR>[Calls]<UL><LI><a href="#[4]">&gt;&gt;</a>&nbsp;&nbsp;&nbsp;AddTimer
</UL>
<BR>[Address Reference Count : 1]<UL><LI> startup_stm32f10x_md.o(RESET)
</UL><P>
<H3>
Undefined Global Symbols
</H3><HR></body></html>
