Component: ARM Compiler 5.06 update 6 (build 750) Tool: armlink [4d35ed]

==============================================================================

Section Cross References

    startup_stm32f10x_md.o(RESET) refers to startup_stm32f10x_md.o(MYDATA2) for CURSELECT
    startup_stm32f10x_md.o(RESET) refers to startup_stm32f10x_md.o(MYDATA) for CODES


==============================================================================

Image Symbol Table

    Local Symbols

    Symbol Name                              Value     Ov Type        Size  Object(Section)

    ..\START\startup_stm32f10x_md.s          0x00000000   Number         0  startup_stm32f10x_md.o ABSOLUTE
    RESET                                    0x08000000   Section      164  startup_stm32f10x_md.o(RESET)
    START                                    0x08000009   Thumb Code     0  startup_stm32f10x_md.o(RESET)
    InitRamArea                              0x08000031   Thumb Code    38  startup_stm32f10x_md.o(RESET)
    ShowDigits                               0x08000057   Thumb Code    44  startup_stm32f10x_md.o(RESET)
    MYDATA                                   0x080000a4   Section       16  startup_stm32f10x_md.o(MYDATA)
    CODES                                    0x080000a4   Data          12  startup_stm32f10x_md.o(MYDATA)
    DIGITPOS                                 0x080000b0   Data           4  startup_stm32f10x_md.o(MYDATA)
    MYDATA2                                  0x20000000   Section        5  startup_stm32f10x_md.o(MYDATA2)
    DIGITS                                   0x20000000   Data           4  startup_stm32f10x_md.o(MYDATA2)
    CURSELECT                                0x20000004   Data           1  startup_stm32f10x_md.o(MYDATA2)

    Global Symbols

    Symbol Name                              Value     Ov Type        Size  Object(Section)

    BuildAttributes$$THM_ISAv4$P$D$K$B$S$PE$A:L22UL41UL21$X:L11$S22US41US21$IEEE1$IW$USESV6$~STKCKD$USESV7$~SHL$OSPACE$EBA8$STANDARDLIB$EABIv2 0x00000000   Number         0  anon$$obj.o ABSOLUTE



==============================================================================

Memory Map of the image

  Image Entry point : 0x08000009

  Load Region LR_IROM1 (Base: 0x08000000, Size: 0x000000bc, Max: 0x00010000, ABSOLUTE)

    Execution Region ER_IROM1 (Exec base: 0x08000000, Load base: 0x08000000, Size: 0x000000b4, Max: 0x00010000, ABSOLUTE)

    Exec Addr    Load Addr    Size         Type   Attr      Idx    E Section Name        Object

    0x08000000   0x08000000   0x000000a4   Code   RO            3  * RESET               startup_stm32f10x_md.o
    0x080000a4   0x080000a4   0x00000010   Data   RO            1    MYDATA              startup_stm32f10x_md.o


    Execution Region RW_IRAM1 (Exec base: 0x20000000, Load base: 0x080000b4, Size: 0x00000008, Max: 0x00005000, ABSOLUTE)

    Exec Addr    Load Addr    Size         Type   Attr      Idx    E Section Name        Object

    0x20000000   0x080000b4   0x00000005   Data   RW            2    MYDATA2             startup_stm32f10x_md.o


==============================================================================

Image component sizes


      Code (inc. data)   RO Data    RW Data    ZI Data      Debug   Object Name

       164         40         16          5          0        504   startup_stm32f10x_md.o

    ----------------------------------------------------------------------
       164         40         16          8          0        504   Object Totals
         0          0          0          0          0          0   (incl. Generated)
         0          0          0          3          0          0   (incl. Padding)

    ----------------------------------------------------------------------
         0          0          0          0          0          0   Library Totals
         0          0          0          0          0          0   (incl. Padding)

    ----------------------------------------------------------------------

==============================================================================


      Code (inc. data)   RO Data    RW Data    ZI Data      Debug   

       164         40         16          8          0        504   Grand Totals
       164         40         16          8          0        504   ELF Image Totals
       164         40         16          8          0          0   ROM Totals

==============================================================================

    Total RO  Size (Code + RO Data)                  180 (   0.18kB)
    Total RW  Size (RW Data + ZI Data)                 8 (   0.01kB)
    Total ROM Size (Code + RO Data + RW Data)        188 (   0.18kB)

==============================================================================

