<!doctype html public "-//w3c//dtd html 4.0 transitional//en">
<html><head>
<title>Static Call Graph - [.\Objects\PROJECT.axf]</title></head>
<body><HR>
<H1>Static Call Graph for image .\Objects\PROJECT.axf</H1><HR>
<BR><P>#&#060CALLGRAPH&#062# ARM Linker, 5060750: Last Updated: Sun Dec 12 18:37:00 2021
<BR><P>
<H3>Maximum Stack Usage =          0 bytes + Unknown(Functions without stacksize, Untraceable Function Pointers)</H3><H3>
Call chain for Maximum Stack Depth:</H3>

<P>
<H3>
Functions with no stack information
</H3><UL>
 <LI><a href="#[2]">START</a>
 <LI><a href="#[1]">ADC1_2IRHANDLER</a>
</UL>
</UL>
<P>
<H3>
Function Pointers
</H3><UL>
 <LI><a href="#[1]">ADC1_2IRHANDLER</a> from startup_stm32f10x_md.o(RESET) referenced from startup_stm32f10x_md.o(RESET)
 <LI><a href="#[2]">START</a> from startup_stm32f10x_md.o(RESET) referenced from startup_stm32f10x_md.o(RESET)
</UL>
<P>
<H3>
Global Symbols
</H3><P>
<H3>
Local Symbols
</H3>
<P><STRONG><a name="[2]"></a>START</STRONG> (Thumb, 0 bytes, Stack size unknown bytes, startup_stm32f10x_md.o(RESET))

<P><STRONG><a name="[1]"></a>ADC1_2IRHANDLER</STRONG> (Thumb, 0 bytes, Stack size unknown bytes, startup_stm32f10x_md.o(RESET))
<BR>[Address Reference Count : 1]<UL><LI> startup_stm32f10x_md.o(RESET)
</UL><P>
<H3>
Undefined Global Symbols
</H3><HR></body></html>
