<html>
<body>
<pre>
<h1>µVision Build Log</h1>
<h2>Tool Versions:</h2>
IDE-Version: ¶ÃVision V5.25.2.0
Copyright (C) 2018 ARM Ltd and ARM Germany GmbH. All rights reserved.
License Information: lgx lgx, sysu, LIC=585FW-QXCAM-RAMDM-XJBUW-ALN27-T2CRL
 
Tool Versions:
Toolchain:       MDK-ARM Plus  Version: 5.25.2.0
Toolchain Path:  D:\arm os\ARM\ARMCC\Bin
C Compiler:      Armcc.exe V5.06 update 6 (build 750)
Assembler:       Armasm.exe V5.06 update 6 (build 750)
Linker/Locator:  ArmLink.exe V5.06 update 6 (build 750)
Library Manager: ArmAr.exe V5.06 update 6 (build 750)
Hex Converter:   FromElf.exe V5.06 update 6 (build 750)
CPU DLL:         SARMCM3.DLL V5.25.2.0
Dialog DLL:      DCM.DLL V1.17.1.0
Target DLL:      STLink\ST-LINKIII-KEIL_SWO.dll V3.0.1.0
Dialog DLL:      TCM.DLL V1.35.1.0
 
<h2>Project:</h2>
C:\Users\≤À–ÏˆÔ\Desktop\02°¢√Î±Ì\≤Œøº‘¥¬Î\2°¢F103ª„±‡≥Ã–Ú(led…¡À∏)(timer-int)\PROJECT\PROJECT.uvprojx
Project File Date:  10/11/2019

<h2>Output:</h2>
*** Using Compiler 'V5.06 update 6 (build 750)', folder: 'D:\arm os\ARM\ARMCC\Bin'
Rebuild target 'Target 1'
assembling startup_stm32f10x_md.s...
linking...
.\Objects\PROJECT.sct(8): warning: L6314W: No section matches pattern *(InRoot$$Sections).
Program Size: Code=448 RO-data=0 RW-data=0 ZI-data=0  
Finished: 0 information, 1 warning and 0 error messages.
FromELF: creating hex file...
After Build - User command #1: fromelf.exe -c -o "C:\Users\≤À–ÏˆÔ\Desktop\02°¢√Î±Ì\≤Œøº‘¥¬Î\2°¢F103ª„±‡≥Ã–Ú(led…¡À∏)(timer-int)\PROJECT\Objects\PROJECT.txt" "C:\Users\≤À–ÏˆÔ\Desktop\02°¢√Î±Ì\≤Œøº‘¥¬Î\2°¢F103ª„±‡≥Ã–Ú(led…¡À∏)(timer-int)\PROJECT\Objects\PROJECT.axf"
".\Objects\PROJECT.axf" - 0 Error(s), 1 Warning(s).

<h2>Software Packages used:</h2>

Package Vendor: Keil
                http://www.keil.com/pack/Keil.STM32F1xx_DFP.2.3.0.pack
                Keil.STM32F1xx_DFP.2.3.0
                STMicroelectronics STM32F1 Series Device Support, Drivers and Examples

<h2>Collection of Component include folders:</h2>
  .\RTE\_Target_1
  D:\arm os\ARM\PACK\Keil\STM32F1xx_DFP\2.3.0\Device\Include

<h2>Collection of Component Files used:</h2>
Build Time Elapsed:  00:00:01
</pre>
</body>
</html>
